../Core/Src/main.c:104:5:_write	24	static
../Core/Src/main.c:120:5:main	64	static
../Core/Src/main.c:287:6:SystemClock_Config	88	static
../Core/Src/main.c:333:13:MX_ADC1_Init	24	static
../Core/Src/main.c:411:13:MX_CAN1_Init	8	static
../Core/Src/main.c:451:13:MX_CAN2_Init	8	static
../Core/Src/main.c:491:13:MX_TIM13_Init	24	static
../Core/Src/main.c:535:13:MX_TIM14_Init	24	static
../Core/Src/main.c:579:13:MX_USART1_UART_Init	8	static
../Core/Src/main.c:609:13:MX_DMA_Init	16	static
../Core/Src/main.c:626:13:MX_GPIO_Init	48	static
../Core/Src/main.c:695:7:MeasureBrakePressure	56	static
../Core/Src/main.c:743:7:MeasureSuspensionPosition	48	static
../Core/Src/main.c:766:6:ADC_UpdateMovingAverage	24	static
../Core/Src/main.c:840:6:CAN_FilterConfig1	48	static
../Core/Src/main.c:857:6:CAN_FilterConfig2	48	static
../Core/Src/main.c:879:6:Error_Handler	4	static,ignoring_inline_asm
