../Core/Src/main.c:131:5:_write	24	static
../Core/Src/main.c:147:5:main	88	static
../Core/Src/main.c:399:6:SystemClock_Config	88	static
../Core/Src/main.c:446:13:MX_ADC1_Init	24	static
../Core/Src/main.c:525:13:MX_CAN1_Init	8	static
../Core/Src/main.c:566:13:MX_CAN2_Init	8	static
../Core/Src/main.c:607:13:MX_TIM13_Init	24	static
../Core/Src/main.c:652:13:MX_TIM14_Init	24	static
../Core/Src/main.c:697:13:MX_USART1_UART_Init	8	static
../Core/Src/main.c:728:13:MX_DMA_Init	16	static
../Core/Src/main.c:746:13:MX_GPIO_Init	48	static
../Core/Src/main.c:815:7:MeasureSteeringAngle	64	static
../Core/Src/main.c:839:7:MeasureBrakePressure	56	static
../Core/Src/main.c:887:7:MeasureSuspensionPosition	48	static
../Core/Src/main.c:910:6:ADC_UpdateMovingAverage	24	static
../Core/Src/main.c:933:6:HAL_TIM_IC_CaptureCallback	32	static
../Core/Src/main.c:1015:6:HAL_SYSTICK_CALLBACK	4	static
../Core/Src/main.c:1020:6:Speed_Measures	4	static
../Core/Src/main.c:1027:7:Moving_Average_Filter_Left	24	static
../Core/Src/main.c:1038:7:Moving_Average_Filter_Right	24	static
../Core/Src/main.c:1049:7:Calculate_Speed_in_Wheel	56	static
../Core/Src/main.c:1081:6:CAN_FilterConfig1	48	static
../Core/Src/main.c:1132:6:CAN_FilterConfig2	48	static
../Core/Src/main.c:1185:6:Error_Handler	4	static,ignoring_inline_asm
